[2026-04-06T12:05:23.317759] save_transfer_step: is_first_step=True, is_final=False, source_mr_id=27825, step.co_id=4, step.branch_id=9, source_co_id=1, source_branch_id=2
[2026-04-06T12:05:24.352898] _create_mr: branch_id=9, mr_date=2025-05-03, bill_pass_no=1
[2026-04-06T12:10:50.881528] save_transfer_step: is_first_step=False, is_final=False, source_mr_id=27825, step.co_id=23, step.branch_id=19, source_co_id=1, source_branch_id=2
[2026-04-06T12:10:53.411398] _create_mr: branch_id=19, mr_date=2025-05-03, bill_pass_no=1
[2026-04-06T12:14:28.167880] save_transfer_step: is_first_step=False, is_final=False, source_mr_id=27825, step.co_id=23, step.branch_id=19, source_co_id=1, source_branch_id=2
[2026-04-06T12:14:30.821923] _create_mr: branch_id=19, mr_date=2025-05-03, bill_pass_no=1
[2026-04-06T12:17:55.801462] save_transfer_step: is_first_step=False, is_final=False, source_mr_id=27825, step.co_id=23, step.branch_id=19, source_co_id=1, source_branch_id=2
[2026-04-06T12:17:58.265249] _create_mr: branch_id=19, mr_date=2025-05-03, bill_pass_no=1
[2026-04-06T12:23:07.477452] save_transfer_step: is_first_step=False, is_final=False, source_mr_id=27825, step.co_id=17, step.branch_id=21, source_co_id=1, source_branch_id=2
[2026-04-06T12:23:10.863762] _create_mr: branch_id=21, mr_date=2025-05-03, bill_pass_no=1
[2026-04-06T12:30:35.992562] save_transfer_step: is_first_step=False, is_final=False, source_mr_id=27825, step.co_id=17, step.branch_id=21, source_co_id=1, source_branch_id=2
[2026-04-06T12:30:38.631394] _create_mr: branch_id=21, mr_date=2025-05-03, bill_pass_no=1
[2026-04-06T12:33:29.983154] save_transfer_step: is_first_step=False, is_final=False, source_mr_id=27825, step.co_id=17, step.branch_id=21, source_co_id=1, source_branch_id=2
[2026-04-06T12:33:32.313253] _create_mr: branch_id=21, mr_date=2025-05-03, bill_pass_no=1
[2026-04-06T12:51:03.207706] save_transfer_step: is_first_step=False, is_final=False, source_mr_id=27825, step.co_id=17, step.branch_id=21, source_co_id=1, source_branch_id=2
[2026-04-06T12:51:05.895993] _create_mr: branch_id=21, mr_date=2026-04-06, bill_pass_no=1
[2026-04-06T15:53:34.188418] save_transfer_step: is_first_step=False, is_final=False, source_mr_id=27870, step.co_id=23, step.branch_id=19, source_co_id=1, source_branch_id=2
[2026-04-06T15:53:36.590179] _create_mr: branch_id=19, mr_date=2025-05-03, bill_pass_no=1
[2026-04-06T15:54:08.460556] save_transfer_step: is_first_step=False, is_final=False, source_mr_id=27878, step.co_id=17, step.branch_id=21, source_co_id=1, source_branch_id=2
[2026-04-06T15:54:10.762605] _create_mr: branch_id=21, mr_date=2026-04-06, bill_pass_no=1
[2026-04-06T16:14:12.181740] save_transfer_step: is_first_step=True, is_final=False, source_mr_id=27825, step.co_id=4, step.branch_id=9, source_co_id=1, source_branch_id=2
[2026-04-06T16:14:13.254110] _create_mr: branch_id=9, mr_date=2026-04-06, bill_pass_no=1
[2026-04-06T16:15:13.862690] save_transfer_step: is_first_step=True, is_final=False, source_mr_id=27825, step.co_id=4, step.branch_id=9, source_co_id=1, source_branch_id=2
[2026-04-06T16:15:14.923007] _create_mr: branch_id=9, mr_date=2025-05-03, bill_pass_no=1
[2026-04-06T16:15:47.929346] save_transfer_step: is_first_step=True, is_final=False, source_mr_id=27825, step.co_id=4, step.branch_id=9, source_co_id=1, source_branch_id=2
[2026-04-06T16:15:48.994398] _create_mr: branch_id=9, mr_date=2025-05-03, bill_pass_no=1
[2026-04-06T16:23:10.905815] save_transfer_step: is_first_step=False, is_final=False, source_mr_id=27882, step.co_id=23, step.branch_id=19, source_co_id=1, source_branch_id=2
[2026-04-06T16:23:13.604134] _create_mr: branch_id=19, mr_date=2025-05-03, bill_pass_no=1
[2026-04-06T16:40:59.516821] save_transfer_step: is_first_step=False, is_final=False, source_mr_id=27883, step.co_id=17, step.branch_id=21, source_co_id=1, source_branch_id=2
[2026-04-06T16:41:02.261484] _create_mr: branch_id=21, mr_date=2025-05-03, bill_pass_no=1
[2026-04-06T16:52:44.269396] save_transfer_step: is_first_step=False, is_final=False, source_mr_id=27884, step.co_id=19, step.branch_id=24, source_co_id=1, source_branch_id=2
[2026-04-06T16:52:47.693934] _create_mr: branch_id=24, mr_date=2025-05-03, bill_pass_no=1
[2026-04-06T16:54:14.388211] save_transfer_step: is_first_step=False, is_final=True, source_mr_id=27885, step.co_id=1, step.branch_id=2, source_co_id=1, source_branch_id=2
[2026-04-06T16:54:16.954624] FINAL STEP — calling _update_original_mr for root_mr_id=27825, source_branch_id=2, mr_date=2025-05-03
[2026-04-06T16:54:17.616432] _update_original_mr: jute_mr_id=27825, branch_id=2, mr_date=2025-05-03, new_mr_no=1, new_bill_pass_no=1
[2026-04-06T16:54:17.875764] UPDATE executed — bill_pass_no=1, bill_pass_date=2025-05-03 for jute_mr_id=27825
[2026-04-06T16:54:17.956344] VERIFY after update: bill_pass_no=1, bill_pass_date=2025-05-03
[2026-04-07T15:52:52.440987] save_transfer_step: is_first_step=True, is_final=False, source_mr_id=27887, step.co_id=21, step.branch_id=17, source_co_id=1, source_branch_id=2
[2026-04-07T15:52:54.118187] _create_mr: branch_id=17, mr_date=2026-04-07, bill_pass_no=1
[2026-04-07T15:59:40.295124] save_transfer_step: is_first_step=False, is_final=False, source_mr_id=27891, step.co_id=26, step.branch_id=25, source_co_id=1, source_branch_id=2
[2026-04-07T15:59:43.818843] _create_mr: branch_id=25, mr_date=2026-04-07, bill_pass_no=1
[2026-04-08T17:34:03.977681] save_transfer_step: is_first_step=True, is_final=False, source_mr_id=27886, step.co_id=4, step.branch_id=9, source_co_id=1, source_branch_id=2
[2026-04-08T17:34:04.877832] _create_mr: branch_id=9, mr_date=2026-04-08, bill_pass_no=1
[2026-04-17T15:55:20.314275] save_transfer_step: is_first_step=False, is_final=True, source_mr_id=27931, step.co_id=1, step.branch_id=2, source_co_id=1, source_branch_id=2
[2026-04-17T15:55:22.132986] FINAL STEP — calling _update_original_mr for root_mr_id=27927, source_branch_id=2, mr_date=2026-04-01
[2026-04-17T15:55:22.682527] _update_original_mr: jute_mr_id=27927, branch_id=2, mr_date=2026-04-01, new_mr_no=1, new_bill_pass_no=1
[2026-04-17T15:55:22.838613] UPDATE executed — bill_pass_no=1, bill_pass_date=2026-04-01 for jute_mr_id=27927
[2026-04-17T15:55:22.905223] VERIFY after update: bill_pass_no=1, bill_pass_date=2026-04-01
[2026-04-17T16:13:55.800248] save_transfer_step: is_first_step=False, is_final=True, source_mr_id=27931, step.co_id=1, step.branch_id=2, source_co_id=1, source_branch_id=2
[2026-04-17T16:13:57.481078] FINAL STEP — calling _update_original_mr for root_mr_id=27927, source_branch_id=2, mr_date=2026-04-01
[2026-04-17T16:13:58.249305] _update_original_mr: jute_mr_id=27927, branch_id=2, mr_date=2026-04-01, new_mr_no=1, new_bill_pass_no=1
[2026-04-17T16:13:58.397915] UPDATE executed — bill_pass_no=1, bill_pass_date=2026-04-01 for jute_mr_id=27927
[2026-04-17T16:13:58.465654] VERIFY after update: bill_pass_no=1, bill_pass_date=2026-04-01
